client/src/components/study/StudySidebar.tsx(138,58): error TS2322: Type '{ children: string; remarkPlugins: ((options?: Options | null | undefined) => undefined)[]; className: string; }' is not assignable to type 'IntrinsicAttributes & Readonly<Options>'.
  Property 'className' does not exist on type 'IntrinsicAttributes & Readonly<Options>'.
client/src/hooks/useSpeechRecognition.ts(84,43): error TS2339: Property 'SpeechRecognition' does not exist on type 'Window & typeof globalThis'.
client/src/hooks/useSpeechRecognition.ts(84,71): error TS2339: Property 'webkitSpeechRecognition' does not exist on type 'Window & typeof globalThis'.
client/src/pages/study.tsx(234,38): error TS2322: Type 'string | null' is not assignable to type 'string | undefined'.
  Type 'null' is not assignable to type 'string | undefined'.
client/src/pages/study.tsx(234,61): error TS2322: Type 'string | null' is not assignable to type 'string | undefined'.
  Type 'null' is not assignable to type 'string | undefined'.
